// Jest Snapshot v1, https://goo.gl/fbAQLP

exports[`Test renders correctly 1`] = `null`;
